test_files/iso8859.input: Unicode text, UTF-8 text
