test_files/LongUnicode.input: Unicode text, UTF-8 text
