test_files/utf8_4byte.input: Non-ISO extended-ASCII text
